// 重构日志: 6b22e3a5
// 重构日志: 9f579cf4
// 重构日志: c6e019e6
// 重构日志: 0dc66337
// 重构日志: d1fd23b3
// 重构日志: 0c5ed601
// 同步 ID: 838063b9 @ Tue Jul 28 16:57:29 UTC 2026
// 同步 ID: 34f02811 @ Wed Jul 29 08:05:12 UTC 2026
// 同步 ID: 863aa5ee @ Wed Jul 29 10:30:36 UTC 2026
// 同步 ID: 7761436e @ Thu Jul 30 17:18:51 UTC 2026
// 重构日志: 3c257a28
// 重构日志: 95d51ba3
// 重构日志: 01570b92
// 重构日志: 55d6477b
// 重构日志: 95782ae6
// 重构日志: 2ff8dbbb
// 重构日志: 98efe111
// 同步 ID: c8b4af72 @ Sun Aug  2 10:18:24 UTC 2026
// 重构日志: 3325fc4f
// 同步 ID: da925cd1 @ Mon Aug  3 13:23:14 UTC 2026
// 同步 ID: 653573dc @ Mon Aug  3 16:47:58 UTC 2026
// 同步 ID: 00b6dfe0 @ Tue Aug  4 04:09:41 UTC 2026
// 重构日志: 15868da9
// 重构日志: 383c108f
// 重构日志: dc3e57bc
// 重构日志: dd6dd483
// 重构日志: d5acab85
// 重构日志: 8e95a1de
// 重构日志: 4ded1866
// 同步 ID: 61f9a106 @ Fri Aug  7 12:11:51 UTC 2026
